// Vitest Snapshot v1, https://vitest.dev/guide/snapshot.html

exports[`/alias command builders > should produce expected JSON structure with correct subcommands 1`] = `
{
  "contexts": undefined,
  "default_member_permissions": undefined,
  "default_permission": undefined,
  "description": "Manage your aliases",
  "description_localizations": undefined,
  "dm_permission": undefined,
  "integration_types": undefined,
  "name": "alias",
  "name_localizations": undefined,
  "nsfw": undefined,
  "options": [
    {
      "description": "Add an alias to a form",
      "description_localizations": undefined,
      "name": "add",
      "name_localizations": undefined,
      "options": [
        {
          "autocomplete": true,
          "choices": undefined,
          "description": "The form to add the alias to",
          "description_localizations": undefined,
          "max_length": undefined,
          "min_length": undefined,
          "name": "form",
          "name_localizations": undefined,
          "required": true,
          "type": 3,
        },
        {
          "autocomplete": undefined,
          "choices": undefined,
          "description": "The trigger text (must contain "text")",
          "description_localizations": undefined,
          "max_length": undefined,
          "min_length": undefined,
          "name": "trigger",
          "name_localizations": undefined,
          "required": true,
          "type": 3,
        },
      ],
      "type": 1,
    },
    {
      "description": "List aliases for a form",
      "description_localizations": undefined,
      "name": "list",
      "name_localizations": undefined,
      "options": [
        {
          "autocomplete": true,
          "choices": undefined,
          "description": "The form to list aliases for",
          "description_localizations": undefined,
          "max_length": undefined,
          "min_length": undefined,
          "name": "form",
          "name_localizations": undefined,
          "required": true,
          "type": 3,
        },
      ],
      "type": 1,
    },
    {
      "description": "Remove an alias by ID",
      "description_localizations": undefined,
      "name": "remove",
      "name_localizations": undefined,
      "options": [
        {
          "autocomplete": undefined,
          "choices": undefined,
          "description": "The ID of the alias to remove",
          "description_localizations": undefined,
          "max_length": undefined,
          "min_length": undefined,
          "name": "id",
          "name_localizations": undefined,
          "required": true,
          "type": 3,
        },
      ],
      "type": 1,
    },
  ],
  "type": 1,
}
`;
